// Vitest Snapshot v1, https://vitest.dev/guide/snapshot.html

exports[`Slider > should render Slider component to match snapshot 1`] = `
{
  "asFragment": [Function],
  "baseElement": <body>
    <div>
      <div
        class="w-[200px]"
      >
        <span
          aria-disabled="false"
          class="relative flex touch-none items-center select-none data-[disabled]:opacity-50 data-[orientation=vertical]:h-full data-[orientation=vertical]:min-h-44 data-[orientation=vertical]:w-auto data-[orientation=vertical]:flex-col w-full"
          data-orientation="horizontal"
          data-slot="slider"
          dir="ltr"
          style="--radix-slider-thumb-transform: translateX(-50%);"
        >
          <span
            class="bg-muted relative grow overflow-hidden rounded-full data-[orientation=horizontal]:h-1.5 data-[orientation=horizontal]:w-full data-[orientation=vertical]:h-full data-[orientation=vertical]:w-1.5"
            data-orientation="horizontal"
            data-slot="slider-track"
          >
            <span
              class="bg-primary absolute data-[orientation=horizontal]:h-full data-[orientation=vertical]:w-full"
              data-orientation="horizontal"
              data-slot="slider-range"
              style="left: 0%; right: 50%;"
            />
          </span>
          <span
            style="transform: var(--radix-slider-thumb-transform); position: absolute; left: calc(50% + 0px);"
          >
            <span
              aria-orientation="horizontal"
              aria-valuemax="100"
              aria-valuemin="0"
              aria-valuenow="50"
              class="border-primary bg-background ring-ring/50 block size-4 shrink-0 rounded-full border shadow-sm transition-[color,box-shadow] hover:ring-4 focus-visible:ring-4 focus-visible:outline-none disabled:pointer-events-none disabled:opacity-50"
              data-orientation="horizontal"
              data-radix-collection-item=""
              data-slot="slider-thumb"
              role="slider"
              style=""
              tabindex="0"
            />
          </span>
        </span>
      </div>
    </div>
  </body>,
  "container": <div>
    <div
      class="w-[200px]"
    >
      <span
        aria-disabled="false"
        class="relative flex touch-none items-center select-none data-[disabled]:opacity-50 data-[orientation=vertical]:h-full data-[orientation=vertical]:min-h-44 data-[orientation=vertical]:w-auto data-[orientation=vertical]:flex-col w-full"
        data-orientation="horizontal"
        data-slot="slider"
        dir="ltr"
        style="--radix-slider-thumb-transform: translateX(-50%);"
      >
        <span
          class="bg-muted relative grow overflow-hidden rounded-full data-[orientation=horizontal]:h-1.5 data-[orientation=horizontal]:w-full data-[orientation=vertical]:h-full data-[orientation=vertical]:w-1.5"
          data-orientation="horizontal"
          data-slot="slider-track"
        >
          <span
            class="bg-primary absolute data-[orientation=horizontal]:h-full data-[orientation=vertical]:w-full"
            data-orientation="horizontal"
            data-slot="slider-range"
            style="left: 0%; right: 50%;"
          />
        </span>
        <span
          style="transform: var(--radix-slider-thumb-transform); position: absolute; left: calc(50% + 0px);"
        >
          <span
            aria-orientation="horizontal"
            aria-valuemax="100"
            aria-valuemin="0"
            aria-valuenow="50"
            class="border-primary bg-background ring-ring/50 block size-4 shrink-0 rounded-full border shadow-sm transition-[color,box-shadow] hover:ring-4 focus-visible:ring-4 focus-visible:outline-none disabled:pointer-events-none disabled:opacity-50"
            data-orientation="horizontal"
            data-radix-collection-item=""
            data-slot="slider-thumb"
            role="slider"
            style=""
            tabindex="0"
          />
        </span>
      </span>
    </div>
  </div>,
  "debug": [Function],
  "findAllByAltText": [Function],
  "findAllByDisplayValue": [Function],
  "findAllByLabelText": [Function],
  "findAllByPlaceholderText": [Function],
  "findAllByRole": [Function],
  "findAllByTestId": [Function],
  "findAllByText": [Function],
  "findAllByTitle": [Function],
  "findByAltText": [Function],
  "findByDisplayValue": [Function],
  "findByLabelText": [Function],
  "findByPlaceholderText": [Function],
  "findByRole": [Function],
  "findByTestId": [Function],
  "findByText": [Function],
  "findByTitle": [Function],
  "getAllByAltText": [Function],
  "getAllByDisplayValue": [Function],
  "getAllByLabelText": [Function],
  "getAllByPlaceholderText": [Function],
  "getAllByRole": [Function],
  "getAllByTestId": [Function],
  "getAllByText": [Function],
  "getAllByTitle": [Function],
  "getByAltText": [Function],
  "getByDisplayValue": [Function],
  "getByLabelText": [Function],
  "getByPlaceholderText": [Function],
  "getByRole": [Function],
  "getByTestId": [Function],
  "getByText": [Function],
  "getByTitle": [Function],
  "queryAllByAltText": [Function],
  "queryAllByDisplayValue": [Function],
  "queryAllByLabelText": [Function],
  "queryAllByPlaceholderText": [Function],
  "queryAllByRole": [Function],
  "queryAllByTestId": [Function],
  "queryAllByText": [Function],
  "queryAllByTitle": [Function],
  "queryByAltText": [Function],
  "queryByDisplayValue": [Function],
  "queryByLabelText": [Function],
  "queryByPlaceholderText": [Function],
  "queryByRole": [Function],
  "queryByTestId": [Function],
  "queryByText": [Function],
  "queryByTitle": [Function],
  "rerender": [Function],
  "unmount": [Function],
}
`;
