// Vitest Snapshot v1, https://vitest.dev/guide/snapshot.html

exports[`Calendar > should render Calendar component to match snapshot 1`] = `
{
  "asFragment": [Function],
  "baseElement": <body>
    <div>
      <div
        class="rdp-root p-3 rounded-md border shadow"
        data-mode="single"
      >
        <div
          class="flex flex-col sm:flex-row space-y-4 sm:space-x-4 sm:space-y-0"
        >
          <nav
            aria-label=""
            class="space-x-1 flex items-center"
          >
            <button
              aria-label="Go to the Previous Month"
              class="rdp-button_previous"
              type="button"
            >
              <svg
                class="rdp-chevron"
                height="24"
                viewBox="0 0 24 24"
                width="24"
              >
                <polygon
                  points="16 18.112 9.81111111 12 16 5.87733333 14.0888889 4 6 12 14.0888889 20"
                />
              </svg>
            </button>
            <button
              aria-label="Go to the Next Month"
              class="rdp-button_next"
              type="button"
            >
              <svg
                class="rdp-chevron"
                height="24"
                viewBox="0 0 24 24"
                width="24"
              >
                <polygon
                  points="8 18.612 14.1888889 12.5 8 6.37733333 9.91111111 4.5 18 12.5 9.91111111 20.5"
                />
              </svg>
            </button>
          </nav>
          <div
            class="space-y-4"
          >
            <div
              class="rdp-month_caption"
            >
              <span
                aria-live="polite"
                class="text-sm font-medium"
                role="status"
              >
                January 2025
              </span>
            </div>
            <table
              aria-label="January 2025"
              aria-multiselectable="false"
              class="rdp-month_grid"
              role="grid"
            >
              <thead
                aria-hidden="true"
              >
                <tr
                  class="rdp-weekdays"
                >
                  <th
                    aria-label="Sunday"
                    class="rdp-weekday"
                    scope="col"
                  >
                    Su
                  </th>
                  <th
                    aria-label="Monday"
                    class="rdp-weekday"
                    scope="col"
                  >
                    Mo
                  </th>
                  <th
                    aria-label="Tuesday"
                    class="rdp-weekday"
                    scope="col"
                  >
                    Tu
                  </th>
                  <th
                    aria-label="Wednesday"
                    class="rdp-weekday"
                    scope="col"
                  >
                    We
                  </th>
                  <th
                    aria-label="Thursday"
                    class="rdp-weekday"
                    scope="col"
                  >
                    Th
                  </th>
                  <th
                    aria-label="Friday"
                    class="rdp-weekday"
                    scope="col"
                  >
                    Fr
                  </th>
                  <th
                    aria-label="Saturday"
                    class="rdp-weekday"
                    scope="col"
                  >
                    Sa
                  </th>
                </tr>
              </thead>
              <tbody
                class="rdp-weeks"
              >
                <tr
                  class="rdp-week"
                >
                  <td
                    class="inline-flex items-center justify-center whitespace-nowrap rounded-md text-sm ring-offset-background backdrop-blur-md backdrop-saturate-100 transition-colors focus-visible:outline-none focus-visible:ring-2 focus-visible:ring-ring focus-visible:ring-offset-2 disabled:pointer-events-none disabled:opacity-50 backdrop-filter-none hover:bg-accent hover:text-accent-foreground h-8 w-8 p-0 font-normal aria-selected:opacity-100 rdp-outside"
                    data-day="2024-12-29"
                    data-month="2024-12"
                    data-outside="true"
                    role="gridcell"
                  >
                    <button
                      aria-label="Sunday, December 29th, 2024"
                      class="rdp-day_button"
                      tabindex="-1"
                      type="button"
                    >
                      29
                    </button>
                  </td>
                  <td
                    class="inline-flex items-center justify-center whitespace-nowrap rounded-md text-sm ring-offset-background backdrop-blur-md backdrop-saturate-100 transition-colors focus-visible:outline-none focus-visible:ring-2 focus-visible:ring-ring focus-visible:ring-offset-2 disabled:pointer-events-none disabled:opacity-50 backdrop-filter-none hover:bg-accent hover:text-accent-foreground h-8 w-8 p-0 font-normal aria-selected:opacity-100 rdp-outside"
                    data-day="2024-12-30"
                    data-month="2024-12"
                    data-outside="true"
                    role="gridcell"
                  >
                    <button
                      aria-label="Monday, December 30th, 2024"
                      class="rdp-day_button"
                      tabindex="-1"
                      type="button"
                    >
                      30
                    </button>
                  </td>
                  <td
                    class="inline-flex items-center justify-center whitespace-nowrap rounded-md text-sm ring-offset-background backdrop-blur-md backdrop-saturate-100 transition-colors focus-visible:outline-none focus-visible:ring-2 focus-visible:ring-ring focus-visible:ring-offset-2 disabled:pointer-events-none disabled:opacity-50 backdrop-filter-none hover:bg-accent hover:text-accent-foreground h-8 w-8 p-0 font-normal aria-selected:opacity-100 rdp-outside"
                    data-day="2024-12-31"
                    data-month="2024-12"
                    data-outside="true"
                    role="gridcell"
                  >
                    <button
                      aria-label="Tuesday, December 31st, 2024"
                      class="rdp-day_button"
                      tabindex="-1"
                      type="button"
                    >
                      31
                    </button>
                  </td>
                  <td
                    class="inline-flex items-center justify-center whitespace-nowrap rounded-md text-sm ring-offset-background backdrop-blur-md backdrop-saturate-100 transition-colors focus-visible:outline-none focus-visible:ring-2 focus-visible:ring-ring focus-visible:ring-offset-2 disabled:pointer-events-none disabled:opacity-50 backdrop-filter-none hover:bg-accent hover:text-accent-foreground h-8 w-8 p-0 font-normal aria-selected:opacity-100"
                    data-day="2025-01-01"
                    role="gridcell"
                  >
                    <button
                      aria-label="Wednesday, January 1st, 2025"
                      class="rdp-day_button"
                      tabindex="-1"
                      type="button"
                    >
                      1
                    </button>
                  </td>
                  <td
                    class="inline-flex items-center justify-center whitespace-nowrap rounded-md text-sm ring-offset-background backdrop-blur-md backdrop-saturate-100 transition-colors focus-visible:outline-none focus-visible:ring-2 focus-visible:ring-ring focus-visible:ring-offset-2 disabled:pointer-events-none disabled:opacity-50 backdrop-filter-none hover:bg-accent hover:text-accent-foreground h-8 w-8 p-0 font-normal aria-selected:opacity-100"
                    data-day="2025-01-02"
                    role="gridcell"
                  >
                    <button
                      aria-label="Thursday, January 2nd, 2025"
                      class="rdp-day_button"
                      tabindex="-1"
                      type="button"
                    >
                      2
                    </button>
                  </td>
                  <td
                    class="inline-flex items-center justify-center whitespace-nowrap rounded-md text-sm ring-offset-background backdrop-blur-md backdrop-saturate-100 transition-colors focus-visible:outline-none focus-visible:ring-2 focus-visible:ring-ring focus-visible:ring-offset-2 disabled:pointer-events-none disabled:opacity-50 backdrop-filter-none hover:bg-accent hover:text-accent-foreground h-8 w-8 p-0 font-normal aria-selected:opacity-100"
                    data-day="2025-01-03"
                    role="gridcell"
                  >
                    <button
                      aria-label="Friday, January 3rd, 2025"
                      class="rdp-day_button"
                      tabindex="-1"
                      type="button"
                    >
                      3
                    </button>
                  </td>
                  <td
                    class="inline-flex items-center justify-center whitespace-nowrap rounded-md text-sm ring-offset-background backdrop-blur-md backdrop-saturate-100 transition-colors focus-visible:outline-none focus-visible:ring-2 focus-visible:ring-ring focus-visible:ring-offset-2 disabled:pointer-events-none disabled:opacity-50 backdrop-filter-none hover:bg-accent hover:text-accent-foreground h-8 w-8 p-0 font-normal aria-selected:opacity-100"
                    data-day="2025-01-04"
                    role="gridcell"
                  >
                    <button
                      aria-label="Saturday, January 4th, 2025"
                      class="rdp-day_button"
                      tabindex="-1"
                      type="button"
                    >
                      4
                    </button>
                  </td>
                </tr>
                <tr
                  class="rdp-week"
                >
                  <td
                    class="inline-flex items-center justify-center whitespace-nowrap rounded-md text-sm ring-offset-background backdrop-blur-md backdrop-saturate-100 transition-colors focus-visible:outline-none focus-visible:ring-2 focus-visible:ring-ring focus-visible:ring-offset-2 disabled:pointer-events-none disabled:opacity-50 backdrop-filter-none hover:bg-accent hover:text-accent-foreground h-8 w-8 p-0 font-normal aria-selected:opacity-100"
                    data-day="2025-01-05"
                    role="gridcell"
                  >
                    <button
                      aria-label="Sunday, January 5th, 2025"
                      class="rdp-day_button"
                      tabindex="-1"
                      type="button"
                    >
                      5
                    </button>
                  </td>
                  <td
                    class="inline-flex items-center justify-center whitespace-nowrap rounded-md text-sm ring-offset-background backdrop-blur-md backdrop-saturate-100 transition-colors focus-visible:outline-none focus-visible:ring-2 focus-visible:ring-ring focus-visible:ring-offset-2 disabled:pointer-events-none disabled:opacity-50 backdrop-filter-none hover:bg-accent hover:text-accent-foreground h-8 w-8 p-0 font-normal aria-selected:opacity-100"
                    data-day="2025-01-06"
                    role="gridcell"
                  >
                    <button
                      aria-label="Monday, January 6th, 2025"
                      class="rdp-day_button"
                      tabindex="-1"
                      type="button"
                    >
                      6
                    </button>
                  </td>
                  <td
                    class="inline-flex items-center justify-center whitespace-nowrap rounded-md text-sm ring-offset-background backdrop-blur-md backdrop-saturate-100 transition-colors focus-visible:outline-none focus-visible:ring-2 focus-visible:ring-ring focus-visible:ring-offset-2 disabled:pointer-events-none disabled:opacity-50 backdrop-filter-none hover:bg-accent hover:text-accent-foreground h-8 w-8 p-0 font-normal aria-selected:opacity-100"
                    data-day="2025-01-07"
                    role="gridcell"
                  >
                    <button
                      aria-label="Tuesday, January 7th, 2025"
                      class="rdp-day_button"
                      tabindex="-1"
                      type="button"
                    >
                      7
                    </button>
                  </td>
                  <td
                    class="inline-flex items-center justify-center whitespace-nowrap rounded-md text-sm ring-offset-background backdrop-blur-md backdrop-saturate-100 transition-colors focus-visible:outline-none focus-visible:ring-2 focus-visible:ring-ring focus-visible:ring-offset-2 disabled:pointer-events-none disabled:opacity-50 backdrop-filter-none hover:bg-accent hover:text-accent-foreground h-8 w-8 p-0 font-normal aria-selected:opacity-100 rdp-today"
                    data-day="2025-01-08"
                    data-today="true"
                    role="gridcell"
                  >
                    <button
                      aria-label="Today, Wednesday, January 8th, 2025"
                      class="rdp-day_button"
                      tabindex="0"
                      type="button"
                    >
                      8
                    </button>
                  </td>
                  <td
                    class="inline-flex items-center justify-center whitespace-nowrap rounded-md text-sm ring-offset-background backdrop-blur-md backdrop-saturate-100 transition-colors focus-visible:outline-none focus-visible:ring-2 focus-visible:ring-ring focus-visible:ring-offset-2 disabled:pointer-events-none disabled:opacity-50 backdrop-filter-none hover:bg-accent hover:text-accent-foreground h-8 w-8 p-0 font-normal aria-selected:opacity-100"
                    data-day="2025-01-09"
                    role="gridcell"
                  >
                    <button
                      aria-label="Thursday, January 9th, 2025"
                      class="rdp-day_button"
                      tabindex="-1"
                      type="button"
                    >
                      9
                    </button>
                  </td>
                  <td
                    class="inline-flex items-center justify-center whitespace-nowrap rounded-md text-sm ring-offset-background backdrop-blur-md backdrop-saturate-100 transition-colors focus-visible:outline-none focus-visible:ring-2 focus-visible:ring-ring focus-visible:ring-offset-2 disabled:pointer-events-none disabled:opacity-50 backdrop-filter-none hover:bg-accent hover:text-accent-foreground h-8 w-8 p-0 font-normal aria-selected:opacity-100"
                    data-day="2025-01-10"
                    role="gridcell"
                  >
                    <button
                      aria-label="Friday, January 10th, 2025"
                      class="rdp-day_button"
                      tabindex="-1"
                      type="button"
                    >
                      10
                    </button>
                  </td>
                  <td
                    class="inline-flex items-center justify-center whitespace-nowrap rounded-md text-sm ring-offset-background backdrop-blur-md backdrop-saturate-100 transition-colors focus-visible:outline-none focus-visible:ring-2 focus-visible:ring-ring focus-visible:ring-offset-2 disabled:pointer-events-none disabled:opacity-50 backdrop-filter-none hover:bg-accent hover:text-accent-foreground h-8 w-8 p-0 font-normal aria-selected:opacity-100"
                    data-day="2025-01-11"
                    role="gridcell"
                  >
                    <button
                      aria-label="Saturday, January 11th, 2025"
                      class="rdp-day_button"
                      tabindex="-1"
                      type="button"
                    >
                      11
                    </button>
                  </td>
                </tr>
                <tr
                  class="rdp-week"
                >
                  <td
                    class="inline-flex items-center justify-center whitespace-nowrap rounded-md text-sm ring-offset-background backdrop-blur-md backdrop-saturate-100 transition-colors focus-visible:outline-none focus-visible:ring-2 focus-visible:ring-ring focus-visible:ring-offset-2 disabled:pointer-events-none disabled:opacity-50 backdrop-filter-none hover:bg-accent hover:text-accent-foreground h-8 w-8 p-0 font-normal aria-selected:opacity-100"
                    data-day="2025-01-12"
                    role="gridcell"
                  >
                    <button
                      aria-label="Sunday, January 12th, 2025"
                      class="rdp-day_button"
                      tabindex="-1"
                      type="button"
                    >
                      12
                    </button>
                  </td>
                  <td
                    class="inline-flex items-center justify-center whitespace-nowrap rounded-md text-sm ring-offset-background backdrop-blur-md backdrop-saturate-100 transition-colors focus-visible:outline-none focus-visible:ring-2 focus-visible:ring-ring focus-visible:ring-offset-2 disabled:pointer-events-none disabled:opacity-50 backdrop-filter-none hover:bg-accent hover:text-accent-foreground h-8 w-8 p-0 font-normal aria-selected:opacity-100"
                    data-day="2025-01-13"
                    role="gridcell"
                  >
                    <button
                      aria-label="Monday, January 13th, 2025"
                      class="rdp-day_button"
                      tabindex="-1"
                      type="button"
                    >
                      13
                    </button>
                  </td>
                  <td
                    class="inline-flex items-center justify-center whitespace-nowrap rounded-md text-sm ring-offset-background backdrop-blur-md backdrop-saturate-100 transition-colors focus-visible:outline-none focus-visible:ring-2 focus-visible:ring-ring focus-visible:ring-offset-2 disabled:pointer-events-none disabled:opacity-50 backdrop-filter-none hover:bg-accent hover:text-accent-foreground h-8 w-8 p-0 font-normal aria-selected:opacity-100"
                    data-day="2025-01-14"
                    role="gridcell"
                  >
                    <button
                      aria-label="Tuesday, January 14th, 2025"
                      class="rdp-day_button"
                      tabindex="-1"
                      type="button"
                    >
                      14
                    </button>
                  </td>
                  <td
                    class="inline-flex items-center justify-center whitespace-nowrap rounded-md text-sm ring-offset-background backdrop-blur-md backdrop-saturate-100 transition-colors focus-visible:outline-none focus-visible:ring-2 focus-visible:ring-ring focus-visible:ring-offset-2 disabled:pointer-events-none disabled:opacity-50 backdrop-filter-none hover:bg-accent hover:text-accent-foreground h-8 w-8 p-0 font-normal aria-selected:opacity-100"
                    data-day="2025-01-15"
                    role="gridcell"
                  >
                    <button
                      aria-label="Wednesday, January 15th, 2025"
                      class="rdp-day_button"
                      tabindex="-1"
                      type="button"
                    >
                      15
                    </button>
                  </td>
                  <td
                    class="inline-flex items-center justify-center whitespace-nowrap rounded-md text-sm ring-offset-background backdrop-blur-md backdrop-saturate-100 transition-colors focus-visible:outline-none focus-visible:ring-2 focus-visible:ring-ring focus-visible:ring-offset-2 disabled:pointer-events-none disabled:opacity-50 backdrop-filter-none hover:bg-accent hover:text-accent-foreground h-8 w-8 p-0 font-normal aria-selected:opacity-100"
                    data-day="2025-01-16"
                    role="gridcell"
                  >
                    <button
                      aria-label="Thursday, January 16th, 2025"
                      class="rdp-day_button"
                      tabindex="-1"
                      type="button"
                    >
                      16
                    </button>
                  </td>
                  <td
                    class="inline-flex items-center justify-center whitespace-nowrap rounded-md text-sm ring-offset-background backdrop-blur-md backdrop-saturate-100 transition-colors focus-visible:outline-none focus-visible:ring-2 focus-visible:ring-ring focus-visible:ring-offset-2 disabled:pointer-events-none disabled:opacity-50 backdrop-filter-none hover:bg-accent hover:text-accent-foreground h-8 w-8 p-0 font-normal aria-selected:opacity-100"
                    data-day="2025-01-17"
                    role="gridcell"
                  >
                    <button
                      aria-label="Friday, January 17th, 2025"
                      class="rdp-day_button"
                      tabindex="-1"
                      type="button"
                    >
                      17
                    </button>
                  </td>
                  <td
                    class="inline-flex items-center justify-center whitespace-nowrap rounded-md text-sm ring-offset-background backdrop-blur-md backdrop-saturate-100 transition-colors focus-visible:outline-none focus-visible:ring-2 focus-visible:ring-ring focus-visible:ring-offset-2 disabled:pointer-events-none disabled:opacity-50 backdrop-filter-none hover:bg-accent hover:text-accent-foreground h-8 w-8 p-0 font-normal aria-selected:opacity-100"
                    data-day="2025-01-18"
                    role="gridcell"
                  >
                    <button
                      aria-label="Saturday, January 18th, 2025"
                      class="rdp-day_button"
                      tabindex="-1"
                      type="button"
                    >
                      18
                    </button>
                  </td>
                </tr>
                <tr
                  class="rdp-week"
                >
                  <td
                    class="inline-flex items-center justify-center whitespace-nowrap rounded-md text-sm ring-offset-background backdrop-blur-md backdrop-saturate-100 transition-colors focus-visible:outline-none focus-visible:ring-2 focus-visible:ring-ring focus-visible:ring-offset-2 disabled:pointer-events-none disabled:opacity-50 backdrop-filter-none hover:bg-accent hover:text-accent-foreground h-8 w-8 p-0 font-normal aria-selected:opacity-100"
                    data-day="2025-01-19"
                    role="gridcell"
                  >
                    <button
                      aria-label="Sunday, January 19th, 2025"
                      class="rdp-day_button"
                      tabindex="-1"
                      type="button"
                    >
                      19
                    </button>
                  </td>
                  <td
                    class="inline-flex items-center justify-center whitespace-nowrap rounded-md text-sm ring-offset-background backdrop-blur-md backdrop-saturate-100 transition-colors focus-visible:outline-none focus-visible:ring-2 focus-visible:ring-ring focus-visible:ring-offset-2 disabled:pointer-events-none disabled:opacity-50 backdrop-filter-none hover:bg-accent hover:text-accent-foreground h-8 w-8 p-0 font-normal aria-selected:opacity-100"
                    data-day="2025-01-20"
                    role="gridcell"
                  >
                    <button
                      aria-label="Monday, January 20th, 2025"
                      class="rdp-day_button"
                      tabindex="-1"
                      type="button"
                    >
                      20
                    </button>
                  </td>
                  <td
                    class="inline-flex items-center justify-center whitespace-nowrap rounded-md text-sm ring-offset-background backdrop-blur-md backdrop-saturate-100 transition-colors focus-visible:outline-none focus-visible:ring-2 focus-visible:ring-ring focus-visible:ring-offset-2 disabled:pointer-events-none disabled:opacity-50 backdrop-filter-none hover:bg-accent hover:text-accent-foreground h-8 w-8 p-0 font-normal aria-selected:opacity-100"
                    data-day="2025-01-21"
                    role="gridcell"
                  >
                    <button
                      aria-label="Tuesday, January 21st, 2025"
                      class="rdp-day_button"
                      tabindex="-1"
                      type="button"
                    >
                      21
                    </button>
                  </td>
                  <td
                    class="inline-flex items-center justify-center whitespace-nowrap rounded-md text-sm ring-offset-background backdrop-blur-md backdrop-saturate-100 transition-colors focus-visible:outline-none focus-visible:ring-2 focus-visible:ring-ring focus-visible:ring-offset-2 disabled:pointer-events-none disabled:opacity-50 backdrop-filter-none hover:bg-accent hover:text-accent-foreground h-8 w-8 p-0 font-normal aria-selected:opacity-100"
                    data-day="2025-01-22"
                    role="gridcell"
                  >
                    <button
                      aria-label="Wednesday, January 22nd, 2025"
                      class="rdp-day_button"
                      tabindex="-1"
                      type="button"
                    >
                      22
                    </button>
                  </td>
                  <td
                    class="inline-flex items-center justify-center whitespace-nowrap rounded-md text-sm ring-offset-background backdrop-blur-md backdrop-saturate-100 transition-colors focus-visible:outline-none focus-visible:ring-2 focus-visible:ring-ring focus-visible:ring-offset-2 disabled:pointer-events-none disabled:opacity-50 backdrop-filter-none hover:bg-accent hover:text-accent-foreground h-8 w-8 p-0 font-normal aria-selected:opacity-100"
                    data-day="2025-01-23"
                    role="gridcell"
                  >
                    <button
                      aria-label="Thursday, January 23rd, 2025"
                      class="rdp-day_button"
                      tabindex="-1"
                      type="button"
                    >
                      23
                    </button>
                  </td>
                  <td
                    class="inline-flex items-center justify-center whitespace-nowrap rounded-md text-sm ring-offset-background backdrop-blur-md backdrop-saturate-100 transition-colors focus-visible:outline-none focus-visible:ring-2 focus-visible:ring-ring focus-visible:ring-offset-2 disabled:pointer-events-none disabled:opacity-50 backdrop-filter-none hover:bg-accent hover:text-accent-foreground h-8 w-8 p-0 font-normal aria-selected:opacity-100"
                    data-day="2025-01-24"
                    role="gridcell"
                  >
                    <button
                      aria-label="Friday, January 24th, 2025"
                      class="rdp-day_button"
                      tabindex="-1"
                      type="button"
                    >
                      24
                    </button>
                  </td>
                  <td
                    class="inline-flex items-center justify-center whitespace-nowrap rounded-md text-sm ring-offset-background backdrop-blur-md backdrop-saturate-100 transition-colors focus-visible:outline-none focus-visible:ring-2 focus-visible:ring-ring focus-visible:ring-offset-2 disabled:pointer-events-none disabled:opacity-50 backdrop-filter-none hover:bg-accent hover:text-accent-foreground h-8 w-8 p-0 font-normal aria-selected:opacity-100"
                    data-day="2025-01-25"
                    role="gridcell"
                  >
                    <button
                      aria-label="Saturday, January 25th, 2025"
                      class="rdp-day_button"
                      tabindex="-1"
                      type="button"
                    >
                      25
                    </button>
                  </td>
                </tr>
                <tr
                  class="rdp-week"
                >
                  <td
                    class="inline-flex items-center justify-center whitespace-nowrap rounded-md text-sm ring-offset-background backdrop-blur-md backdrop-saturate-100 transition-colors focus-visible:outline-none focus-visible:ring-2 focus-visible:ring-ring focus-visible:ring-offset-2 disabled:pointer-events-none disabled:opacity-50 backdrop-filter-none hover:bg-accent hover:text-accent-foreground h-8 w-8 p-0 font-normal aria-selected:opacity-100"
                    data-day="2025-01-26"
                    role="gridcell"
                  >
                    <button
                      aria-label="Sunday, January 26th, 2025"
                      class="rdp-day_button"
                      tabindex="-1"
                      type="button"
                    >
                      26
                    </button>
                  </td>
                  <td
                    class="inline-flex items-center justify-center whitespace-nowrap rounded-md text-sm ring-offset-background backdrop-blur-md backdrop-saturate-100 transition-colors focus-visible:outline-none focus-visible:ring-2 focus-visible:ring-ring focus-visible:ring-offset-2 disabled:pointer-events-none disabled:opacity-50 backdrop-filter-none hover:bg-accent hover:text-accent-foreground h-8 w-8 p-0 font-normal aria-selected:opacity-100"
                    data-day="2025-01-27"
                    role="gridcell"
                  >
                    <button
                      aria-label="Monday, January 27th, 2025"
                      class="rdp-day_button"
                      tabindex="-1"
                      type="button"
                    >
                      27
                    </button>
                  </td>
                  <td
                    class="inline-flex items-center justify-center whitespace-nowrap rounded-md text-sm ring-offset-background backdrop-blur-md backdrop-saturate-100 transition-colors focus-visible:outline-none focus-visible:ring-2 focus-visible:ring-ring focus-visible:ring-offset-2 disabled:pointer-events-none disabled:opacity-50 backdrop-filter-none hover:bg-accent hover:text-accent-foreground h-8 w-8 p-0 font-normal aria-selected:opacity-100"
                    data-day="2025-01-28"
                    role="gridcell"
                  >
                    <button
                      aria-label="Tuesday, January 28th, 2025"
                      class="rdp-day_button"
                      tabindex="-1"
                      type="button"
                    >
                      28
                    </button>
                  </td>
                  <td
                    class="inline-flex items-center justify-center whitespace-nowrap rounded-md text-sm ring-offset-background backdrop-blur-md backdrop-saturate-100 transition-colors focus-visible:outline-none focus-visible:ring-2 focus-visible:ring-ring focus-visible:ring-offset-2 disabled:pointer-events-none disabled:opacity-50 backdrop-filter-none hover:bg-accent hover:text-accent-foreground h-8 w-8 p-0 font-normal aria-selected:opacity-100"
                    data-day="2025-01-29"
                    role="gridcell"
                  >
                    <button
                      aria-label="Wednesday, January 29th, 2025"
                      class="rdp-day_button"
                      tabindex="-1"
                      type="button"
                    >
                      29
                    </button>
                  </td>
                  <td
                    class="inline-flex items-center justify-center whitespace-nowrap rounded-md text-sm ring-offset-background backdrop-blur-md backdrop-saturate-100 transition-colors focus-visible:outline-none focus-visible:ring-2 focus-visible:ring-ring focus-visible:ring-offset-2 disabled:pointer-events-none disabled:opacity-50 backdrop-filter-none hover:bg-accent hover:text-accent-foreground h-8 w-8 p-0 font-normal aria-selected:opacity-100"
                    data-day="2025-01-30"
                    role="gridcell"
                  >
                    <button
                      aria-label="Thursday, January 30th, 2025"
                      class="rdp-day_button"
                      tabindex="-1"
                      type="button"
                    >
                      30
                    </button>
                  </td>
                  <td
                    class="inline-flex items-center justify-center whitespace-nowrap rounded-md text-sm ring-offset-background backdrop-blur-md backdrop-saturate-100 transition-colors focus-visible:outline-none focus-visible:ring-2 focus-visible:ring-ring focus-visible:ring-offset-2 disabled:pointer-events-none disabled:opacity-50 backdrop-filter-none hover:bg-accent hover:text-accent-foreground h-8 w-8 p-0 font-normal aria-selected:opacity-100"
                    data-day="2025-01-31"
                    role="gridcell"
                  >
                    <button
                      aria-label="Friday, January 31st, 2025"
                      class="rdp-day_button"
                      tabindex="-1"
                      type="button"
                    >
                      31
                    </button>
                  </td>
                  <td
                    class="inline-flex items-center justify-center whitespace-nowrap rounded-md text-sm ring-offset-background backdrop-blur-md backdrop-saturate-100 transition-colors focus-visible:outline-none focus-visible:ring-2 focus-visible:ring-ring focus-visible:ring-offset-2 disabled:pointer-events-none disabled:opacity-50 backdrop-filter-none hover:bg-accent hover:text-accent-foreground h-8 w-8 p-0 font-normal aria-selected:opacity-100 rdp-outside"
                    data-day="2025-02-01"
                    data-month="2025-02"
                    data-outside="true"
                    role="gridcell"
                  >
                    <button
                      aria-label="Saturday, February 1st, 2025"
                      class="rdp-day_button"
                      tabindex="-1"
                      type="button"
                    >
                      1
                    </button>
                  </td>
                </tr>
              </tbody>
            </table>
          </div>
        </div>
      </div>
    </div>
  </body>,
  "container": <div>
    <div
      class="rdp-root p-3 rounded-md border shadow"
      data-mode="single"
    >
      <div
        class="flex flex-col sm:flex-row space-y-4 sm:space-x-4 sm:space-y-0"
      >
        <nav
          aria-label=""
          class="space-x-1 flex items-center"
        >
          <button
            aria-label="Go to the Previous Month"
            class="rdp-button_previous"
            type="button"
          >
            <svg
              class="rdp-chevron"
              height="24"
              viewBox="0 0 24 24"
              width="24"
            >
              <polygon
                points="16 18.112 9.81111111 12 16 5.87733333 14.0888889 4 6 12 14.0888889 20"
              />
            </svg>
          </button>
          <button
            aria-label="Go to the Next Month"
            class="rdp-button_next"
            type="button"
          >
            <svg
              class="rdp-chevron"
              height="24"
              viewBox="0 0 24 24"
              width="24"
            >
              <polygon
                points="8 18.612 14.1888889 12.5 8 6.37733333 9.91111111 4.5 18 12.5 9.91111111 20.5"
              />
            </svg>
          </button>
        </nav>
        <div
          class="space-y-4"
        >
          <div
            class="rdp-month_caption"
          >
            <span
              aria-live="polite"
              class="text-sm font-medium"
              role="status"
            >
              January 2025
            </span>
          </div>
          <table
            aria-label="January 2025"
            aria-multiselectable="false"
            class="rdp-month_grid"
            role="grid"
          >
            <thead
              aria-hidden="true"
            >
              <tr
                class="rdp-weekdays"
              >
                <th
                  aria-label="Sunday"
                  class="rdp-weekday"
                  scope="col"
                >
                  Su
                </th>
                <th
                  aria-label="Monday"
                  class="rdp-weekday"
                  scope="col"
                >
                  Mo
                </th>
                <th
                  aria-label="Tuesday"
                  class="rdp-weekday"
                  scope="col"
                >
                  Tu
                </th>
                <th
                  aria-label="Wednesday"
                  class="rdp-weekday"
                  scope="col"
                >
                  We
                </th>
                <th
                  aria-label="Thursday"
                  class="rdp-weekday"
                  scope="col"
                >
                  Th
                </th>
                <th
                  aria-label="Friday"
                  class="rdp-weekday"
                  scope="col"
                >
                  Fr
                </th>
                <th
                  aria-label="Saturday"
                  class="rdp-weekday"
                  scope="col"
                >
                  Sa
                </th>
              </tr>
            </thead>
            <tbody
              class="rdp-weeks"
            >
              <tr
                class="rdp-week"
              >
                <td
                  class="inline-flex items-center justify-center whitespace-nowrap rounded-md text-sm ring-offset-background backdrop-blur-md backdrop-saturate-100 transition-colors focus-visible:outline-none focus-visible:ring-2 focus-visible:ring-ring focus-visible:ring-offset-2 disabled:pointer-events-none disabled:opacity-50 backdrop-filter-none hover:bg-accent hover:text-accent-foreground h-8 w-8 p-0 font-normal aria-selected:opacity-100 rdp-outside"
                  data-day="2024-12-29"
                  data-month="2024-12"
                  data-outside="true"
                  role="gridcell"
                >
                  <button
                    aria-label="Sunday, December 29th, 2024"
                    class="rdp-day_button"
                    tabindex="-1"
                    type="button"
                  >
                    29
                  </button>
                </td>
                <td
                  class="inline-flex items-center justify-center whitespace-nowrap rounded-md text-sm ring-offset-background backdrop-blur-md backdrop-saturate-100 transition-colors focus-visible:outline-none focus-visible:ring-2 focus-visible:ring-ring focus-visible:ring-offset-2 disabled:pointer-events-none disabled:opacity-50 backdrop-filter-none hover:bg-accent hover:text-accent-foreground h-8 w-8 p-0 font-normal aria-selected:opacity-100 rdp-outside"
                  data-day="2024-12-30"
                  data-month="2024-12"
                  data-outside="true"
                  role="gridcell"
                >
                  <button
                    aria-label="Monday, December 30th, 2024"
                    class="rdp-day_button"
                    tabindex="-1"
                    type="button"
                  >
                    30
                  </button>
                </td>
                <td
                  class="inline-flex items-center justify-center whitespace-nowrap rounded-md text-sm ring-offset-background backdrop-blur-md backdrop-saturate-100 transition-colors focus-visible:outline-none focus-visible:ring-2 focus-visible:ring-ring focus-visible:ring-offset-2 disabled:pointer-events-none disabled:opacity-50 backdrop-filter-none hover:bg-accent hover:text-accent-foreground h-8 w-8 p-0 font-normal aria-selected:opacity-100 rdp-outside"
                  data-day="2024-12-31"
                  data-month="2024-12"
                  data-outside="true"
                  role="gridcell"
                >
                  <button
                    aria-label="Tuesday, December 31st, 2024"
                    class="rdp-day_button"
                    tabindex="-1"
                    type="button"
                  >
                    31
                  </button>
                </td>
                <td
                  class="inline-flex items-center justify-center whitespace-nowrap rounded-md text-sm ring-offset-background backdrop-blur-md backdrop-saturate-100 transition-colors focus-visible:outline-none focus-visible:ring-2 focus-visible:ring-ring focus-visible:ring-offset-2 disabled:pointer-events-none disabled:opacity-50 backdrop-filter-none hover:bg-accent hover:text-accent-foreground h-8 w-8 p-0 font-normal aria-selected:opacity-100"
                  data-day="2025-01-01"
                  role="gridcell"
                >
                  <button
                    aria-label="Wednesday, January 1st, 2025"
                    class="rdp-day_button"
                    tabindex="-1"
                    type="button"
                  >
                    1
                  </button>
                </td>
                <td
                  class="inline-flex items-center justify-center whitespace-nowrap rounded-md text-sm ring-offset-background backdrop-blur-md backdrop-saturate-100 transition-colors focus-visible:outline-none focus-visible:ring-2 focus-visible:ring-ring focus-visible:ring-offset-2 disabled:pointer-events-none disabled:opacity-50 backdrop-filter-none hover:bg-accent hover:text-accent-foreground h-8 w-8 p-0 font-normal aria-selected:opacity-100"
                  data-day="2025-01-02"
                  role="gridcell"
                >
                  <button
                    aria-label="Thursday, January 2nd, 2025"
                    class="rdp-day_button"
                    tabindex="-1"
                    type="button"
                  >
                    2
                  </button>
                </td>
                <td
                  class="inline-flex items-center justify-center whitespace-nowrap rounded-md text-sm ring-offset-background backdrop-blur-md backdrop-saturate-100 transition-colors focus-visible:outline-none focus-visible:ring-2 focus-visible:ring-ring focus-visible:ring-offset-2 disabled:pointer-events-none disabled:opacity-50 backdrop-filter-none hover:bg-accent hover:text-accent-foreground h-8 w-8 p-0 font-normal aria-selected:opacity-100"
                  data-day="2025-01-03"
                  role="gridcell"
                >
                  <button
                    aria-label="Friday, January 3rd, 2025"
                    class="rdp-day_button"
                    tabindex="-1"
                    type="button"
                  >
                    3
                  </button>
                </td>
                <td
                  class="inline-flex items-center justify-center whitespace-nowrap rounded-md text-sm ring-offset-background backdrop-blur-md backdrop-saturate-100 transition-colors focus-visible:outline-none focus-visible:ring-2 focus-visible:ring-ring focus-visible:ring-offset-2 disabled:pointer-events-none disabled:opacity-50 backdrop-filter-none hover:bg-accent hover:text-accent-foreground h-8 w-8 p-0 font-normal aria-selected:opacity-100"
                  data-day="2025-01-04"
                  role="gridcell"
                >
                  <button
                    aria-label="Saturday, January 4th, 2025"
                    class="rdp-day_button"
                    tabindex="-1"
                    type="button"
                  >
                    4
                  </button>
                </td>
              </tr>
              <tr
                class="rdp-week"
              >
                <td
                  class="inline-flex items-center justify-center whitespace-nowrap rounded-md text-sm ring-offset-background backdrop-blur-md backdrop-saturate-100 transition-colors focus-visible:outline-none focus-visible:ring-2 focus-visible:ring-ring focus-visible:ring-offset-2 disabled:pointer-events-none disabled:opacity-50 backdrop-filter-none hover:bg-accent hover:text-accent-foreground h-8 w-8 p-0 font-normal aria-selected:opacity-100"
                  data-day="2025-01-05"
                  role="gridcell"
                >
                  <button
                    aria-label="Sunday, January 5th, 2025"
                    class="rdp-day_button"
                    tabindex="-1"
                    type="button"
                  >
                    5
                  </button>
                </td>
                <td
                  class="inline-flex items-center justify-center whitespace-nowrap rounded-md text-sm ring-offset-background backdrop-blur-md backdrop-saturate-100 transition-colors focus-visible:outline-none focus-visible:ring-2 focus-visible:ring-ring focus-visible:ring-offset-2 disabled:pointer-events-none disabled:opacity-50 backdrop-filter-none hover:bg-accent hover:text-accent-foreground h-8 w-8 p-0 font-normal aria-selected:opacity-100"
                  data-day="2025-01-06"
                  role="gridcell"
                >
                  <button
                    aria-label="Monday, January 6th, 2025"
                    class="rdp-day_button"
                    tabindex="-1"
                    type="button"
                  >
                    6
                  </button>
                </td>
                <td
                  class="inline-flex items-center justify-center whitespace-nowrap rounded-md text-sm ring-offset-background backdrop-blur-md backdrop-saturate-100 transition-colors focus-visible:outline-none focus-visible:ring-2 focus-visible:ring-ring focus-visible:ring-offset-2 disabled:pointer-events-none disabled:opacity-50 backdrop-filter-none hover:bg-accent hover:text-accent-foreground h-8 w-8 p-0 font-normal aria-selected:opacity-100"
                  data-day="2025-01-07"
                  role="gridcell"
                >
                  <button
                    aria-label="Tuesday, January 7th, 2025"
                    class="rdp-day_button"
                    tabindex="-1"
                    type="button"
                  >
                    7
                  </button>
                </td>
                <td
                  class="inline-flex items-center justify-center whitespace-nowrap rounded-md text-sm ring-offset-background backdrop-blur-md backdrop-saturate-100 transition-colors focus-visible:outline-none focus-visible:ring-2 focus-visible:ring-ring focus-visible:ring-offset-2 disabled:pointer-events-none disabled:opacity-50 backdrop-filter-none hover:bg-accent hover:text-accent-foreground h-8 w-8 p-0 font-normal aria-selected:opacity-100 rdp-today"
                  data-day="2025-01-08"
                  data-today="true"
                  role="gridcell"
                >
                  <button
                    aria-label="Today, Wednesday, January 8th, 2025"
                    class="rdp-day_button"
                    tabindex="0"
                    type="button"
                  >
                    8
                  </button>
                </td>
                <td
                  class="inline-flex items-center justify-center whitespace-nowrap rounded-md text-sm ring-offset-background backdrop-blur-md backdrop-saturate-100 transition-colors focus-visible:outline-none focus-visible:ring-2 focus-visible:ring-ring focus-visible:ring-offset-2 disabled:pointer-events-none disabled:opacity-50 backdrop-filter-none hover:bg-accent hover:text-accent-foreground h-8 w-8 p-0 font-normal aria-selected:opacity-100"
                  data-day="2025-01-09"
                  role="gridcell"
                >
                  <button
                    aria-label="Thursday, January 9th, 2025"
                    class="rdp-day_button"
                    tabindex="-1"
                    type="button"
                  >
                    9
                  </button>
                </td>
                <td
                  class="inline-flex items-center justify-center whitespace-nowrap rounded-md text-sm ring-offset-background backdrop-blur-md backdrop-saturate-100 transition-colors focus-visible:outline-none focus-visible:ring-2 focus-visible:ring-ring focus-visible:ring-offset-2 disabled:pointer-events-none disabled:opacity-50 backdrop-filter-none hover:bg-accent hover:text-accent-foreground h-8 w-8 p-0 font-normal aria-selected:opacity-100"
                  data-day="2025-01-10"
                  role="gridcell"
                >
                  <button
                    aria-label="Friday, January 10th, 2025"
                    class="rdp-day_button"
                    tabindex="-1"
                    type="button"
                  >
                    10
                  </button>
                </td>
                <td
                  class="inline-flex items-center justify-center whitespace-nowrap rounded-md text-sm ring-offset-background backdrop-blur-md backdrop-saturate-100 transition-colors focus-visible:outline-none focus-visible:ring-2 focus-visible:ring-ring focus-visible:ring-offset-2 disabled:pointer-events-none disabled:opacity-50 backdrop-filter-none hover:bg-accent hover:text-accent-foreground h-8 w-8 p-0 font-normal aria-selected:opacity-100"
                  data-day="2025-01-11"
                  role="gridcell"
                >
                  <button
                    aria-label="Saturday, January 11th, 2025"
                    class="rdp-day_button"
                    tabindex="-1"
                    type="button"
                  >
                    11
                  </button>
                </td>
              </tr>
              <tr
                class="rdp-week"
              >
                <td
                  class="inline-flex items-center justify-center whitespace-nowrap rounded-md text-sm ring-offset-background backdrop-blur-md backdrop-saturate-100 transition-colors focus-visible:outline-none focus-visible:ring-2 focus-visible:ring-ring focus-visible:ring-offset-2 disabled:pointer-events-none disabled:opacity-50 backdrop-filter-none hover:bg-accent hover:text-accent-foreground h-8 w-8 p-0 font-normal aria-selected:opacity-100"
                  data-day="2025-01-12"
                  role="gridcell"
                >
                  <button
                    aria-label="Sunday, January 12th, 2025"
                    class="rdp-day_button"
                    tabindex="-1"
                    type="button"
                  >
                    12
                  </button>
                </td>
                <td
                  class="inline-flex items-center justify-center whitespace-nowrap rounded-md text-sm ring-offset-background backdrop-blur-md backdrop-saturate-100 transition-colors focus-visible:outline-none focus-visible:ring-2 focus-visible:ring-ring focus-visible:ring-offset-2 disabled:pointer-events-none disabled:opacity-50 backdrop-filter-none hover:bg-accent hover:text-accent-foreground h-8 w-8 p-0 font-normal aria-selected:opacity-100"
                  data-day="2025-01-13"
                  role="gridcell"
                >
                  <button
                    aria-label="Monday, January 13th, 2025"
                    class="rdp-day_button"
                    tabindex="-1"
                    type="button"
                  >
                    13
                  </button>
                </td>
                <td
                  class="inline-flex items-center justify-center whitespace-nowrap rounded-md text-sm ring-offset-background backdrop-blur-md backdrop-saturate-100 transition-colors focus-visible:outline-none focus-visible:ring-2 focus-visible:ring-ring focus-visible:ring-offset-2 disabled:pointer-events-none disabled:opacity-50 backdrop-filter-none hover:bg-accent hover:text-accent-foreground h-8 w-8 p-0 font-normal aria-selected:opacity-100"
                  data-day="2025-01-14"
                  role="gridcell"
                >
                  <button
                    aria-label="Tuesday, January 14th, 2025"
                    class="rdp-day_button"
                    tabindex="-1"
                    type="button"
                  >
                    14
                  </button>
                </td>
                <td
                  class="inline-flex items-center justify-center whitespace-nowrap rounded-md text-sm ring-offset-background backdrop-blur-md backdrop-saturate-100 transition-colors focus-visible:outline-none focus-visible:ring-2 focus-visible:ring-ring focus-visible:ring-offset-2 disabled:pointer-events-none disabled:opacity-50 backdrop-filter-none hover:bg-accent hover:text-accent-foreground h-8 w-8 p-0 font-normal aria-selected:opacity-100"
                  data-day="2025-01-15"
                  role="gridcell"
                >
                  <button
                    aria-label="Wednesday, January 15th, 2025"
                    class="rdp-day_button"
                    tabindex="-1"
                    type="button"
                  >
                    15
                  </button>
                </td>
                <td
                  class="inline-flex items-center justify-center whitespace-nowrap rounded-md text-sm ring-offset-background backdrop-blur-md backdrop-saturate-100 transition-colors focus-visible:outline-none focus-visible:ring-2 focus-visible:ring-ring focus-visible:ring-offset-2 disabled:pointer-events-none disabled:opacity-50 backdrop-filter-none hover:bg-accent hover:text-accent-foreground h-8 w-8 p-0 font-normal aria-selected:opacity-100"
                  data-day="2025-01-16"
                  role="gridcell"
                >
                  <button
                    aria-label="Thursday, January 16th, 2025"
                    class="rdp-day_button"
                    tabindex="-1"
                    type="button"
                  >
                    16
                  </button>
                </td>
                <td
                  class="inline-flex items-center justify-center whitespace-nowrap rounded-md text-sm ring-offset-background backdrop-blur-md backdrop-saturate-100 transition-colors focus-visible:outline-none focus-visible:ring-2 focus-visible:ring-ring focus-visible:ring-offset-2 disabled:pointer-events-none disabled:opacity-50 backdrop-filter-none hover:bg-accent hover:text-accent-foreground h-8 w-8 p-0 font-normal aria-selected:opacity-100"
                  data-day="2025-01-17"
                  role="gridcell"
                >
                  <button
                    aria-label="Friday, January 17th, 2025"
                    class="rdp-day_button"
                    tabindex="-1"
                    type="button"
                  >
                    17
                  </button>
                </td>
                <td
                  class="inline-flex items-center justify-center whitespace-nowrap rounded-md text-sm ring-offset-background backdrop-blur-md backdrop-saturate-100 transition-colors focus-visible:outline-none focus-visible:ring-2 focus-visible:ring-ring focus-visible:ring-offset-2 disabled:pointer-events-none disabled:opacity-50 backdrop-filter-none hover:bg-accent hover:text-accent-foreground h-8 w-8 p-0 font-normal aria-selected:opacity-100"
                  data-day="2025-01-18"
                  role="gridcell"
                >
                  <button
                    aria-label="Saturday, January 18th, 2025"
                    class="rdp-day_button"
                    tabindex="-1"
                    type="button"
                  >
                    18
                  </button>
                </td>
              </tr>
              <tr
                class="rdp-week"
              >
                <td
                  class="inline-flex items-center justify-center whitespace-nowrap rounded-md text-sm ring-offset-background backdrop-blur-md backdrop-saturate-100 transition-colors focus-visible:outline-none focus-visible:ring-2 focus-visible:ring-ring focus-visible:ring-offset-2 disabled:pointer-events-none disabled:opacity-50 backdrop-filter-none hover:bg-accent hover:text-accent-foreground h-8 w-8 p-0 font-normal aria-selected:opacity-100"
                  data-day="2025-01-19"
                  role="gridcell"
                >
                  <button
                    aria-label="Sunday, January 19th, 2025"
                    class="rdp-day_button"
                    tabindex="-1"
                    type="button"
                  >
                    19
                  </button>
                </td>
                <td
                  class="inline-flex items-center justify-center whitespace-nowrap rounded-md text-sm ring-offset-background backdrop-blur-md backdrop-saturate-100 transition-colors focus-visible:outline-none focus-visible:ring-2 focus-visible:ring-ring focus-visible:ring-offset-2 disabled:pointer-events-none disabled:opacity-50 backdrop-filter-none hover:bg-accent hover:text-accent-foreground h-8 w-8 p-0 font-normal aria-selected:opacity-100"
                  data-day="2025-01-20"
                  role="gridcell"
                >
                  <button
                    aria-label="Monday, January 20th, 2025"
                    class="rdp-day_button"
                    tabindex="-1"
                    type="button"
                  >
                    20
                  </button>
                </td>
                <td
                  class="inline-flex items-center justify-center whitespace-nowrap rounded-md text-sm ring-offset-background backdrop-blur-md backdrop-saturate-100 transition-colors focus-visible:outline-none focus-visible:ring-2 focus-visible:ring-ring focus-visible:ring-offset-2 disabled:pointer-events-none disabled:opacity-50 backdrop-filter-none hover:bg-accent hover:text-accent-foreground h-8 w-8 p-0 font-normal aria-selected:opacity-100"
                  data-day="2025-01-21"
                  role="gridcell"
                >
                  <button
                    aria-label="Tuesday, January 21st, 2025"
                    class="rdp-day_button"
                    tabindex="-1"
                    type="button"
                  >
                    21
                  </button>
                </td>
                <td
                  class="inline-flex items-center justify-center whitespace-nowrap rounded-md text-sm ring-offset-background backdrop-blur-md backdrop-saturate-100 transition-colors focus-visible:outline-none focus-visible:ring-2 focus-visible:ring-ring focus-visible:ring-offset-2 disabled:pointer-events-none disabled:opacity-50 backdrop-filter-none hover:bg-accent hover:text-accent-foreground h-8 w-8 p-0 font-normal aria-selected:opacity-100"
                  data-day="2025-01-22"
                  role="gridcell"
                >
                  <button
                    aria-label="Wednesday, January 22nd, 2025"
                    class="rdp-day_button"
                    tabindex="-1"
                    type="button"
                  >
                    22
                  </button>
                </td>
                <td
                  class="inline-flex items-center justify-center whitespace-nowrap rounded-md text-sm ring-offset-background backdrop-blur-md backdrop-saturate-100 transition-colors focus-visible:outline-none focus-visible:ring-2 focus-visible:ring-ring focus-visible:ring-offset-2 disabled:pointer-events-none disabled:opacity-50 backdrop-filter-none hover:bg-accent hover:text-accent-foreground h-8 w-8 p-0 font-normal aria-selected:opacity-100"
                  data-day="2025-01-23"
                  role="gridcell"
                >
                  <button
                    aria-label="Thursday, January 23rd, 2025"
                    class="rdp-day_button"
                    tabindex="-1"
                    type="button"
                  >
                    23
                  </button>
                </td>
                <td
                  class="inline-flex items-center justify-center whitespace-nowrap rounded-md text-sm ring-offset-background backdrop-blur-md backdrop-saturate-100 transition-colors focus-visible:outline-none focus-visible:ring-2 focus-visible:ring-ring focus-visible:ring-offset-2 disabled:pointer-events-none disabled:opacity-50 backdrop-filter-none hover:bg-accent hover:text-accent-foreground h-8 w-8 p-0 font-normal aria-selected:opacity-100"
                  data-day="2025-01-24"
                  role="gridcell"
                >
                  <button
                    aria-label="Friday, January 24th, 2025"
                    class="rdp-day_button"
                    tabindex="-1"
                    type="button"
                  >
                    24
                  </button>
                </td>
                <td
                  class="inline-flex items-center justify-center whitespace-nowrap rounded-md text-sm ring-offset-background backdrop-blur-md backdrop-saturate-100 transition-colors focus-visible:outline-none focus-visible:ring-2 focus-visible:ring-ring focus-visible:ring-offset-2 disabled:pointer-events-none disabled:opacity-50 backdrop-filter-none hover:bg-accent hover:text-accent-foreground h-8 w-8 p-0 font-normal aria-selected:opacity-100"
                  data-day="2025-01-25"
                  role="gridcell"
                >
                  <button
                    aria-label="Saturday, January 25th, 2025"
                    class="rdp-day_button"
                    tabindex="-1"
                    type="button"
                  >
                    25
                  </button>
                </td>
              </tr>
              <tr
                class="rdp-week"
              >
                <td
                  class="inline-flex items-center justify-center whitespace-nowrap rounded-md text-sm ring-offset-background backdrop-blur-md backdrop-saturate-100 transition-colors focus-visible:outline-none focus-visible:ring-2 focus-visible:ring-ring focus-visible:ring-offset-2 disabled:pointer-events-none disabled:opacity-50 backdrop-filter-none hover:bg-accent hover:text-accent-foreground h-8 w-8 p-0 font-normal aria-selected:opacity-100"
                  data-day="2025-01-26"
                  role="gridcell"
                >
                  <button
                    aria-label="Sunday, January 26th, 2025"
                    class="rdp-day_button"
                    tabindex="-1"
                    type="button"
                  >
                    26
                  </button>
                </td>
                <td
                  class="inline-flex items-center justify-center whitespace-nowrap rounded-md text-sm ring-offset-background backdrop-blur-md backdrop-saturate-100 transition-colors focus-visible:outline-none focus-visible:ring-2 focus-visible:ring-ring focus-visible:ring-offset-2 disabled:pointer-events-none disabled:opacity-50 backdrop-filter-none hover:bg-accent hover:text-accent-foreground h-8 w-8 p-0 font-normal aria-selected:opacity-100"
                  data-day="2025-01-27"
                  role="gridcell"
                >
                  <button
                    aria-label="Monday, January 27th, 2025"
                    class="rdp-day_button"
                    tabindex="-1"
                    type="button"
                  >
                    27
                  </button>
                </td>
                <td
                  class="inline-flex items-center justify-center whitespace-nowrap rounded-md text-sm ring-offset-background backdrop-blur-md backdrop-saturate-100 transition-colors focus-visible:outline-none focus-visible:ring-2 focus-visible:ring-ring focus-visible:ring-offset-2 disabled:pointer-events-none disabled:opacity-50 backdrop-filter-none hover:bg-accent hover:text-accent-foreground h-8 w-8 p-0 font-normal aria-selected:opacity-100"
                  data-day="2025-01-28"
                  role="gridcell"
                >
                  <button
                    aria-label="Tuesday, January 28th, 2025"
                    class="rdp-day_button"
                    tabindex="-1"
                    type="button"
                  >
                    28
                  </button>
                </td>
                <td
                  class="inline-flex items-center justify-center whitespace-nowrap rounded-md text-sm ring-offset-background backdrop-blur-md backdrop-saturate-100 transition-colors focus-visible:outline-none focus-visible:ring-2 focus-visible:ring-ring focus-visible:ring-offset-2 disabled:pointer-events-none disabled:opacity-50 backdrop-filter-none hover:bg-accent hover:text-accent-foreground h-8 w-8 p-0 font-normal aria-selected:opacity-100"
                  data-day="2025-01-29"
                  role="gridcell"
                >
                  <button
                    aria-label="Wednesday, January 29th, 2025"
                    class="rdp-day_button"
                    tabindex="-1"
                    type="button"
                  >
                    29
                  </button>
                </td>
                <td
                  class="inline-flex items-center justify-center whitespace-nowrap rounded-md text-sm ring-offset-background backdrop-blur-md backdrop-saturate-100 transition-colors focus-visible:outline-none focus-visible:ring-2 focus-visible:ring-ring focus-visible:ring-offset-2 disabled:pointer-events-none disabled:opacity-50 backdrop-filter-none hover:bg-accent hover:text-accent-foreground h-8 w-8 p-0 font-normal aria-selected:opacity-100"
                  data-day="2025-01-30"
                  role="gridcell"
                >
                  <button
                    aria-label="Thursday, January 30th, 2025"
                    class="rdp-day_button"
                    tabindex="-1"
                    type="button"
                  >
                    30
                  </button>
                </td>
                <td
                  class="inline-flex items-center justify-center whitespace-nowrap rounded-md text-sm ring-offset-background backdrop-blur-md backdrop-saturate-100 transition-colors focus-visible:outline-none focus-visible:ring-2 focus-visible:ring-ring focus-visible:ring-offset-2 disabled:pointer-events-none disabled:opacity-50 backdrop-filter-none hover:bg-accent hover:text-accent-foreground h-8 w-8 p-0 font-normal aria-selected:opacity-100"
                  data-day="2025-01-31"
                  role="gridcell"
                >
                  <button
                    aria-label="Friday, January 31st, 2025"
                    class="rdp-day_button"
                    tabindex="-1"
                    type="button"
                  >
                    31
                  </button>
                </td>
                <td
                  class="inline-flex items-center justify-center whitespace-nowrap rounded-md text-sm ring-offset-background backdrop-blur-md backdrop-saturate-100 transition-colors focus-visible:outline-none focus-visible:ring-2 focus-visible:ring-ring focus-visible:ring-offset-2 disabled:pointer-events-none disabled:opacity-50 backdrop-filter-none hover:bg-accent hover:text-accent-foreground h-8 w-8 p-0 font-normal aria-selected:opacity-100 rdp-outside"
                  data-day="2025-02-01"
                  data-month="2025-02"
                  data-outside="true"
                  role="gridcell"
                >
                  <button
                    aria-label="Saturday, February 1st, 2025"
                    class="rdp-day_button"
                    tabindex="-1"
                    type="button"
                  >
                    1
                  </button>
                </td>
              </tr>
            </tbody>
          </table>
        </div>
      </div>
    </div>
  </div>,
  "debug": [Function],
  "findAllByAltText": [Function],
  "findAllByDisplayValue": [Function],
  "findAllByLabelText": [Function],
  "findAllByPlaceholderText": [Function],
  "findAllByRole": [Function],
  "findAllByTestId": [Function],
  "findAllByText": [Function],
  "findAllByTitle": [Function],
  "findByAltText": [Function],
  "findByDisplayValue": [Function],
  "findByLabelText": [Function],
  "findByPlaceholderText": [Function],
  "findByRole": [Function],
  "findByTestId": [Function],
  "findByText": [Function],
  "findByTitle": [Function],
  "getAllByAltText": [Function],
  "getAllByDisplayValue": [Function],
  "getAllByLabelText": [Function],
  "getAllByPlaceholderText": [Function],
  "getAllByRole": [Function],
  "getAllByTestId": [Function],
  "getAllByText": [Function],
  "getAllByTitle": [Function],
  "getByAltText": [Function],
  "getByDisplayValue": [Function],
  "getByLabelText": [Function],
  "getByPlaceholderText": [Function],
  "getByRole": [Function],
  "getByTestId": [Function],
  "getByText": [Function],
  "getByTitle": [Function],
  "queryAllByAltText": [Function],
  "queryAllByDisplayValue": [Function],
  "queryAllByLabelText": [Function],
  "queryAllByPlaceholderText": [Function],
  "queryAllByRole": [Function],
  "queryAllByTestId": [Function],
  "queryAllByText": [Function],
  "queryAllByTitle": [Function],
  "queryByAltText": [Function],
  "queryByDisplayValue": [Function],
  "queryByLabelText": [Function],
  "queryByPlaceholderText": [Function],
  "queryByRole": [Function],
  "queryByTestId": [Function],
  "queryByText": [Function],
  "queryByTitle": [Function],
  "rerender": [Function],
  "unmount": [Function],
}
`;
