// Vitest Snapshot v1, https://vitest.dev/guide/snapshot.html

exports[`Card > should render Card component to match snapshot 1`] = `
{
  "asFragment": [Function],
  "baseElement": <body>
    <div>
      <div
        class="glass-card flex flex-col rounded-xl py-6 gap-6 text-card-foreground shadow-lg w-[380px]"
        data-slot="card"
      >
        <div
          class="@container/card-header grid auto-rows-min grid-rows-[auto_auto] items-start gap-1.5 px-6 has-data-[slot=card-action]:grid-cols-[1fr_auto] [.border-b]:pb-6"
          data-slot="card-header"
        >
          <div
            class="leading-none font-semibold"
            data-slot="card-title"
          >
            Notifications
          </div>
          <div
            class="text-muted-foreground text-sm"
            data-slot="card-description"
          >
            You have 3 unread messages.
          </div>
        </div>
        <div
          class="px-6 grid gap-4"
          data-slot="card-content"
        >
          <div
            class=" flex items-center space-x-4 rounded-md border p-4"
          >
            <svg
              aria-hidden="true"
              class="lucide lucide-bell-ring"
              fill="none"
              height="24"
              stroke="currentColor"
              stroke-linecap="round"
              stroke-linejoin="round"
              stroke-width="2"
              viewBox="0 0 24 24"
              width="24"
              xmlns="http://www.w3.org/2000/svg"
            >
              <path
                d="M10.268 21a2 2 0 0 0 3.464 0"
              />
              <path
                d="M22 8c0-2.3-.8-4.3-2-6"
              />
              <path
                d="M3.262 15.326A1 1 0 0 0 4 17h16a1 1 0 0 0 .74-1.673C19.41 13.956 18 12.499 18 8A6 6 0 0 0 6 8c0 4.499-1.411 5.956-2.738 7.326"
              />
              <path
                d="M4 2C2.8 3.7 2 5.7 2 8"
              />
            </svg>
            <div
              class="flex-1 space-y-1"
            >
              <p
                class="text-sm font-medium leading-none"
              >
                Push Notifications
              </p>
              <p
                class="text-sm text-muted-foreground"
              >
                Send notifications to device.
              </p>
            </div>
            <button
              aria-checked="false"
              class="peer data-[state=checked]:bg-primary data-[state=unchecked]:bg-input focus-visible:border-ring focus-visible:ring-ring/50 dark:data-[state=unchecked]:bg-input/80 inline-flex h-[1.15rem] w-8 shrink-0 items-center rounded-full border border-transparent shadow-xs transition-all outline-none focus-visible:ring-[3px] disabled:cursor-not-allowed disabled:opacity-50"
              data-slot="switch"
              data-state="unchecked"
              role="switch"
              type="button"
              value="on"
            >
              <span
                class="bg-background dark:data-[state=unchecked]:bg-foreground dark:data-[state=checked]:bg-primary-foreground pointer-events-none block size-4 rounded-full ring-0 transition-transform data-[state=checked]:translate-x-[calc(100%-2px)] data-[state=unchecked]:translate-x-0"
                data-slot="switch-thumb"
                data-state="unchecked"
              />
            </button>
          </div>
          <div>
            <div
              class="mb-4 grid grid-cols-[25px_1fr] items-start pb-4 last:mb-0 last:pb-0"
            >
              <span
                class="flex h-2 w-2 translate-y-1 rounded-full bg-sky-500"
              />
              <div
                class="space-y-1"
              >
                <p
                  class="text-sm font-medium leading-none"
                >
                  Your call has been confirmed.
                </p>
                <p
                  class="text-sm text-muted-foreground"
                >
                  1 hour ago
                </p>
              </div>
            </div>
            <div
              class="mb-4 grid grid-cols-[25px_1fr] items-start pb-4 last:mb-0 last:pb-0"
            >
              <span
                class="flex h-2 w-2 translate-y-1 rounded-full bg-sky-500"
              />
              <div
                class="space-y-1"
              >
                <p
                  class="text-sm font-medium leading-none"
                >
                  You have a new message!
                </p>
                <p
                  class="text-sm text-muted-foreground"
                >
                  1 hour ago
                </p>
              </div>
            </div>
            <div
              class="mb-4 grid grid-cols-[25px_1fr] items-start pb-4 last:mb-0 last:pb-0"
            >
              <span
                class="flex h-2 w-2 translate-y-1 rounded-full bg-sky-500"
              />
              <div
                class="space-y-1"
              >
                <p
                  class="text-sm font-medium leading-none"
                >
                  Your subscription is expiring soon!
                </p>
                <p
                  class="text-sm text-muted-foreground"
                >
                  2 hours ago
                </p>
              </div>
            </div>
          </div>
        </div>
        <div
          class="flex items-center px-6 [.border-t]:pt-6"
          data-slot="card-footer"
        >
          <button
            class="inline-flex items-center justify-center gap-2 whitespace-nowrap rounded-md text-sm font-medium ring-offset-background transition-colors focus-visible:outline-none focus-visible:ring-ring/50 focus-visible:ring-[3px] disabled:pointer-events-none disabled:opacity-50 [&_svg]:pointer-events-none [&_svg]:size-4 [&_svg]:shrink-0 aria-invalid:ring-destructive/20 dark:aria-invalid:ring-destructive/40 aria-invalid:border-destructive backdrop-blur-[var(--glass-blur)] saturate-[var(--glass-saturation)] bg-primary/[var(--glass-button)] text-primary-foreground hover:bg-primary/60 border border-primary/20 h-9 px-4 py-2 has-[>svg]:px-3 w-full"
            data-slot="button"
          >
            <svg
              aria-hidden="true"
              class="lucide lucide-check mr-2 h-4 w-4"
              fill="none"
              height="24"
              stroke="currentColor"
              stroke-linecap="round"
              stroke-linejoin="round"
              stroke-width="2"
              viewBox="0 0 24 24"
              width="24"
              xmlns="http://www.w3.org/2000/svg"
            >
              <path
                d="M20 6 9 17l-5-5"
              />
            </svg>
             Mark all as read
          </button>
        </div>
      </div>
    </div>
  </body>,
  "container": <div>
    <div
      class="glass-card flex flex-col rounded-xl py-6 gap-6 text-card-foreground shadow-lg w-[380px]"
      data-slot="card"
    >
      <div
        class="@container/card-header grid auto-rows-min grid-rows-[auto_auto] items-start gap-1.5 px-6 has-data-[slot=card-action]:grid-cols-[1fr_auto] [.border-b]:pb-6"
        data-slot="card-header"
      >
        <div
          class="leading-none font-semibold"
          data-slot="card-title"
        >
          Notifications
        </div>
        <div
          class="text-muted-foreground text-sm"
          data-slot="card-description"
        >
          You have 3 unread messages.
        </div>
      </div>
      <div
        class="px-6 grid gap-4"
        data-slot="card-content"
      >
        <div
          class=" flex items-center space-x-4 rounded-md border p-4"
        >
          <svg
            aria-hidden="true"
            class="lucide lucide-bell-ring"
            fill="none"
            height="24"
            stroke="currentColor"
            stroke-linecap="round"
            stroke-linejoin="round"
            stroke-width="2"
            viewBox="0 0 24 24"
            width="24"
            xmlns="http://www.w3.org/2000/svg"
          >
            <path
              d="M10.268 21a2 2 0 0 0 3.464 0"
            />
            <path
              d="M22 8c0-2.3-.8-4.3-2-6"
            />
            <path
              d="M3.262 15.326A1 1 0 0 0 4 17h16a1 1 0 0 0 .74-1.673C19.41 13.956 18 12.499 18 8A6 6 0 0 0 6 8c0 4.499-1.411 5.956-2.738 7.326"
            />
            <path
              d="M4 2C2.8 3.7 2 5.7 2 8"
            />
          </svg>
          <div
            class="flex-1 space-y-1"
          >
            <p
              class="text-sm font-medium leading-none"
            >
              Push Notifications
            </p>
            <p
              class="text-sm text-muted-foreground"
            >
              Send notifications to device.
            </p>
          </div>
          <button
            aria-checked="false"
            class="peer data-[state=checked]:bg-primary data-[state=unchecked]:bg-input focus-visible:border-ring focus-visible:ring-ring/50 dark:data-[state=unchecked]:bg-input/80 inline-flex h-[1.15rem] w-8 shrink-0 items-center rounded-full border border-transparent shadow-xs transition-all outline-none focus-visible:ring-[3px] disabled:cursor-not-allowed disabled:opacity-50"
            data-slot="switch"
            data-state="unchecked"
            role="switch"
            type="button"
            value="on"
          >
            <span
              class="bg-background dark:data-[state=unchecked]:bg-foreground dark:data-[state=checked]:bg-primary-foreground pointer-events-none block size-4 rounded-full ring-0 transition-transform data-[state=checked]:translate-x-[calc(100%-2px)] data-[state=unchecked]:translate-x-0"
              data-slot="switch-thumb"
              data-state="unchecked"
            />
          </button>
        </div>
        <div>
          <div
            class="mb-4 grid grid-cols-[25px_1fr] items-start pb-4 last:mb-0 last:pb-0"
          >
            <span
              class="flex h-2 w-2 translate-y-1 rounded-full bg-sky-500"
            />
            <div
              class="space-y-1"
            >
              <p
                class="text-sm font-medium leading-none"
              >
                Your call has been confirmed.
              </p>
              <p
                class="text-sm text-muted-foreground"
              >
                1 hour ago
              </p>
            </div>
          </div>
          <div
            class="mb-4 grid grid-cols-[25px_1fr] items-start pb-4 last:mb-0 last:pb-0"
          >
            <span
              class="flex h-2 w-2 translate-y-1 rounded-full bg-sky-500"
            />
            <div
              class="space-y-1"
            >
              <p
                class="text-sm font-medium leading-none"
              >
                You have a new message!
              </p>
              <p
                class="text-sm text-muted-foreground"
              >
                1 hour ago
              </p>
            </div>
          </div>
          <div
            class="mb-4 grid grid-cols-[25px_1fr] items-start pb-4 last:mb-0 last:pb-0"
          >
            <span
              class="flex h-2 w-2 translate-y-1 rounded-full bg-sky-500"
            />
            <div
              class="space-y-1"
            >
              <p
                class="text-sm font-medium leading-none"
              >
                Your subscription is expiring soon!
              </p>
              <p
                class="text-sm text-muted-foreground"
              >
                2 hours ago
              </p>
            </div>
          </div>
        </div>
      </div>
      <div
        class="flex items-center px-6 [.border-t]:pt-6"
        data-slot="card-footer"
      >
        <button
          class="inline-flex items-center justify-center gap-2 whitespace-nowrap rounded-md text-sm font-medium ring-offset-background transition-colors focus-visible:outline-none focus-visible:ring-ring/50 focus-visible:ring-[3px] disabled:pointer-events-none disabled:opacity-50 [&_svg]:pointer-events-none [&_svg]:size-4 [&_svg]:shrink-0 aria-invalid:ring-destructive/20 dark:aria-invalid:ring-destructive/40 aria-invalid:border-destructive backdrop-blur-[var(--glass-blur)] saturate-[var(--glass-saturation)] bg-primary/[var(--glass-button)] text-primary-foreground hover:bg-primary/60 border border-primary/20 h-9 px-4 py-2 has-[>svg]:px-3 w-full"
          data-slot="button"
        >
          <svg
            aria-hidden="true"
            class="lucide lucide-check mr-2 h-4 w-4"
            fill="none"
            height="24"
            stroke="currentColor"
            stroke-linecap="round"
            stroke-linejoin="round"
            stroke-width="2"
            viewBox="0 0 24 24"
            width="24"
            xmlns="http://www.w3.org/2000/svg"
          >
            <path
              d="M20 6 9 17l-5-5"
            />
          </svg>
           Mark all as read
        </button>
      </div>
    </div>
  </div>,
  "debug": [Function],
  "findAllByAltText": [Function],
  "findAllByDisplayValue": [Function],
  "findAllByLabelText": [Function],
  "findAllByPlaceholderText": [Function],
  "findAllByRole": [Function],
  "findAllByTestId": [Function],
  "findAllByText": [Function],
  "findAllByTitle": [Function],
  "findByAltText": [Function],
  "findByDisplayValue": [Function],
  "findByLabelText": [Function],
  "findByPlaceholderText": [Function],
  "findByRole": [Function],
  "findByTestId": [Function],
  "findByText": [Function],
  "findByTitle": [Function],
  "getAllByAltText": [Function],
  "getAllByDisplayValue": [Function],
  "getAllByLabelText": [Function],
  "getAllByPlaceholderText": [Function],
  "getAllByRole": [Function],
  "getAllByTestId": [Function],
  "getAllByText": [Function],
  "getAllByTitle": [Function],
  "getByAltText": [Function],
  "getByDisplayValue": [Function],
  "getByLabelText": [Function],
  "getByPlaceholderText": [Function],
  "getByRole": [Function],
  "getByTestId": [Function],
  "getByText": [Function],
  "getByTitle": [Function],
  "queryAllByAltText": [Function],
  "queryAllByDisplayValue": [Function],
  "queryAllByLabelText": [Function],
  "queryAllByPlaceholderText": [Function],
  "queryAllByRole": [Function],
  "queryAllByTestId": [Function],
  "queryAllByText": [Function],
  "queryAllByTitle": [Function],
  "queryByAltText": [Function],
  "queryByDisplayValue": [Function],
  "queryByLabelText": [Function],
  "queryByPlaceholderText": [Function],
  "queryByRole": [Function],
  "queryByTestId": [Function],
  "queryByText": [Function],
  "queryByTitle": [Function],
  "rerender": [Function],
  "unmount": [Function],
}
`;
