// Vitest Snapshot v1, https://vitest.dev/guide/snapshot.html

exports[`Tabs > should render Tabs component to match snapshot 1`] = `
{
  "asFragment": [Function],
  "baseElement": <body>
    <div>
      <div
        class="flex flex-col gap-2 w-[400px]"
        data-orientation="horizontal"
        data-slot="tabs"
        dir="ltr"
      >
        <div
          aria-orientation="horizontal"
          class="bg-muted text-muted-foreground h-9 items-center justify-center rounded-lg p-[3px] grid w-full grid-cols-2"
          data-orientation="horizontal"
          data-slot="tabs-list"
          role="tablist"
          style="outline: none;"
          tabindex="0"
        >
          <button
            aria-controls="radix-:r0:-content-account"
            aria-selected="true"
            class="data-[state=active]:bg-background dark:data-[state=active]:text-foreground focus-visible:border-ring focus-visible:ring-ring/50 focus-visible:outline-ring dark:data-[state=active]:border-input dark:data-[state=active]:bg-input/30 text-foreground dark:text-muted-foreground inline-flex h-[calc(100%-1px)] flex-1 items-center justify-center gap-1.5 rounded-md border border-transparent px-2 py-1 text-sm font-medium whitespace-nowrap transition-[color,box-shadow] focus-visible:ring-[3px] focus-visible:outline-1 disabled:pointer-events-none disabled:opacity-50 data-[state=active]:shadow-sm [&_svg]:pointer-events-none [&_svg]:shrink-0 [&_svg:not([class*='size-'])]:size-4"
            data-orientation="horizontal"
            data-radix-collection-item=""
            data-slot="tabs-trigger"
            data-state="active"
            id="radix-:r0:-trigger-account"
            role="tab"
            tabindex="-1"
            type="button"
          >
            Account
          </button>
          <button
            aria-controls="radix-:r0:-content-password"
            aria-selected="false"
            class="data-[state=active]:bg-background dark:data-[state=active]:text-foreground focus-visible:border-ring focus-visible:ring-ring/50 focus-visible:outline-ring dark:data-[state=active]:border-input dark:data-[state=active]:bg-input/30 text-foreground dark:text-muted-foreground inline-flex h-[calc(100%-1px)] flex-1 items-center justify-center gap-1.5 rounded-md border border-transparent px-2 py-1 text-sm font-medium whitespace-nowrap transition-[color,box-shadow] focus-visible:ring-[3px] focus-visible:outline-1 disabled:pointer-events-none disabled:opacity-50 data-[state=active]:shadow-sm [&_svg]:pointer-events-none [&_svg]:shrink-0 [&_svg:not([class*='size-'])]:size-4"
            data-orientation="horizontal"
            data-radix-collection-item=""
            data-slot="tabs-trigger"
            data-state="inactive"
            id="radix-:r0:-trigger-password"
            role="tab"
            tabindex="-1"
            type="button"
          >
            Password
          </button>
        </div>
        <div
          aria-labelledby="radix-:r0:-trigger-account"
          class="flex-1 outline-none"
          data-orientation="horizontal"
          data-slot="tabs-content"
          data-state="active"
          id="radix-:r0:-content-account"
          role="tabpanel"
          style="animation-duration: 0s;"
          tabindex="0"
        >
          <div
            class="glass-card flex flex-col rounded-xl py-6 gap-6 text-card-foreground shadow-lg"
            data-slot="card"
          >
            <div
              class="@container/card-header grid auto-rows-min grid-rows-[auto_auto] items-start gap-1.5 px-6 has-data-[slot=card-action]:grid-cols-[1fr_auto] [.border-b]:pb-6"
              data-slot="card-header"
            >
              <div
                class="leading-none font-semibold"
                data-slot="card-title"
              >
                Account
              </div>
              <div
                class="text-muted-foreground text-sm"
                data-slot="card-description"
              >
                Make changes to your account here. Click save when you're done.
              </div>
            </div>
            <div
              class="px-6 space-y-2"
              data-slot="card-content"
            >
              <div
                class="space-y-1"
              >
                <label
                  class="flex items-center gap-2 text-sm leading-none font-medium select-none group-data-[disabled=true]:pointer-events-none group-data-[disabled=true]:opacity-50 peer-disabled:cursor-not-allowed peer-disabled:opacity-50"
                  data-slot="label"
                  for="name"
                >
                  Name
                </label>
                <input
                  class="file:text-foreground placeholder:text-muted-foreground selection:bg-primary selection:text-primary-foreground dark:bg-input/30 border-input flex h-9 w-full min-w-0 rounded-md border bg-transparent px-3 py-1 text-base shadow-xs transition-[color,box-shadow] outline-none file:inline-flex file:h-7 file:border-0 file:bg-transparent file:text-sm file:font-medium disabled:pointer-events-none disabled:cursor-not-allowed disabled:opacity-50 md:text-sm focus-visible:border-ring focus-visible:ring-ring/50 focus-visible:ring-[3px] aria-invalid:ring-destructive/20 dark:aria-invalid:ring-destructive/40 aria-invalid:border-destructive"
                  data-slot="input"
                  id="name"
                  value="Pedro Duarte"
                />
              </div>
              <div
                class="space-y-1"
              >
                <label
                  class="flex items-center gap-2 text-sm leading-none font-medium select-none group-data-[disabled=true]:pointer-events-none group-data-[disabled=true]:opacity-50 peer-disabled:cursor-not-allowed peer-disabled:opacity-50"
                  data-slot="label"
                  for="username"
                >
                  Username
                </label>
                <input
                  class="file:text-foreground placeholder:text-muted-foreground selection:bg-primary selection:text-primary-foreground dark:bg-input/30 border-input flex h-9 w-full min-w-0 rounded-md border bg-transparent px-3 py-1 text-base shadow-xs transition-[color,box-shadow] outline-none file:inline-flex file:h-7 file:border-0 file:bg-transparent file:text-sm file:font-medium disabled:pointer-events-none disabled:cursor-not-allowed disabled:opacity-50 md:text-sm focus-visible:border-ring focus-visible:ring-ring/50 focus-visible:ring-[3px] aria-invalid:ring-destructive/20 dark:aria-invalid:ring-destructive/40 aria-invalid:border-destructive"
                  data-slot="input"
                  id="username"
                  value="@peduarte"
                />
              </div>
            </div>
            <div
              class="flex items-center px-6 [.border-t]:pt-6"
              data-slot="card-footer"
            >
              <button
                class="inline-flex items-center justify-center gap-2 whitespace-nowrap rounded-md text-sm font-medium ring-offset-background transition-colors focus-visible:outline-none focus-visible:ring-ring/50 focus-visible:ring-[3px] disabled:pointer-events-none disabled:opacity-50 [&_svg]:pointer-events-none [&_svg]:size-4 [&_svg]:shrink-0 aria-invalid:ring-destructive/20 dark:aria-invalid:ring-destructive/40 aria-invalid:border-destructive backdrop-blur-[var(--glass-blur)] saturate-[var(--glass-saturation)] bg-primary/[var(--glass-button)] text-primary-foreground hover:bg-primary/60 border border-primary/20 h-9 px-4 py-2 has-[>svg]:px-3"
                data-slot="button"
              >
                Save changes
              </button>
            </div>
          </div>
        </div>
        <div
          aria-labelledby="radix-:r0:-trigger-password"
          class="flex-1 outline-none"
          data-orientation="horizontal"
          data-slot="tabs-content"
          data-state="inactive"
          hidden=""
          id="radix-:r0:-content-password"
          role="tabpanel"
          tabindex="0"
        />
      </div>
    </div>
  </body>,
  "container": <div>
    <div
      class="flex flex-col gap-2 w-[400px]"
      data-orientation="horizontal"
      data-slot="tabs"
      dir="ltr"
    >
      <div
        aria-orientation="horizontal"
        class="bg-muted text-muted-foreground h-9 items-center justify-center rounded-lg p-[3px] grid w-full grid-cols-2"
        data-orientation="horizontal"
        data-slot="tabs-list"
        role="tablist"
        style="outline: none;"
        tabindex="0"
      >
        <button
          aria-controls="radix-:r0:-content-account"
          aria-selected="true"
          class="data-[state=active]:bg-background dark:data-[state=active]:text-foreground focus-visible:border-ring focus-visible:ring-ring/50 focus-visible:outline-ring dark:data-[state=active]:border-input dark:data-[state=active]:bg-input/30 text-foreground dark:text-muted-foreground inline-flex h-[calc(100%-1px)] flex-1 items-center justify-center gap-1.5 rounded-md border border-transparent px-2 py-1 text-sm font-medium whitespace-nowrap transition-[color,box-shadow] focus-visible:ring-[3px] focus-visible:outline-1 disabled:pointer-events-none disabled:opacity-50 data-[state=active]:shadow-sm [&_svg]:pointer-events-none [&_svg]:shrink-0 [&_svg:not([class*='size-'])]:size-4"
          data-orientation="horizontal"
          data-radix-collection-item=""
          data-slot="tabs-trigger"
          data-state="active"
          id="radix-:r0:-trigger-account"
          role="tab"
          tabindex="-1"
          type="button"
        >
          Account
        </button>
        <button
          aria-controls="radix-:r0:-content-password"
          aria-selected="false"
          class="data-[state=active]:bg-background dark:data-[state=active]:text-foreground focus-visible:border-ring focus-visible:ring-ring/50 focus-visible:outline-ring dark:data-[state=active]:border-input dark:data-[state=active]:bg-input/30 text-foreground dark:text-muted-foreground inline-flex h-[calc(100%-1px)] flex-1 items-center justify-center gap-1.5 rounded-md border border-transparent px-2 py-1 text-sm font-medium whitespace-nowrap transition-[color,box-shadow] focus-visible:ring-[3px] focus-visible:outline-1 disabled:pointer-events-none disabled:opacity-50 data-[state=active]:shadow-sm [&_svg]:pointer-events-none [&_svg]:shrink-0 [&_svg:not([class*='size-'])]:size-4"
          data-orientation="horizontal"
          data-radix-collection-item=""
          data-slot="tabs-trigger"
          data-state="inactive"
          id="radix-:r0:-trigger-password"
          role="tab"
          tabindex="-1"
          type="button"
        >
          Password
        </button>
      </div>
      <div
        aria-labelledby="radix-:r0:-trigger-account"
        class="flex-1 outline-none"
        data-orientation="horizontal"
        data-slot="tabs-content"
        data-state="active"
        id="radix-:r0:-content-account"
        role="tabpanel"
        style="animation-duration: 0s;"
        tabindex="0"
      >
        <div
          class="glass-card flex flex-col rounded-xl py-6 gap-6 text-card-foreground shadow-lg"
          data-slot="card"
        >
          <div
            class="@container/card-header grid auto-rows-min grid-rows-[auto_auto] items-start gap-1.5 px-6 has-data-[slot=card-action]:grid-cols-[1fr_auto] [.border-b]:pb-6"
            data-slot="card-header"
          >
            <div
              class="leading-none font-semibold"
              data-slot="card-title"
            >
              Account
            </div>
            <div
              class="text-muted-foreground text-sm"
              data-slot="card-description"
            >
              Make changes to your account here. Click save when you're done.
            </div>
          </div>
          <div
            class="px-6 space-y-2"
            data-slot="card-content"
          >
            <div
              class="space-y-1"
            >
              <label
                class="flex items-center gap-2 text-sm leading-none font-medium select-none group-data-[disabled=true]:pointer-events-none group-data-[disabled=true]:opacity-50 peer-disabled:cursor-not-allowed peer-disabled:opacity-50"
                data-slot="label"
                for="name"
              >
                Name
              </label>
              <input
                class="file:text-foreground placeholder:text-muted-foreground selection:bg-primary selection:text-primary-foreground dark:bg-input/30 border-input flex h-9 w-full min-w-0 rounded-md border bg-transparent px-3 py-1 text-base shadow-xs transition-[color,box-shadow] outline-none file:inline-flex file:h-7 file:border-0 file:bg-transparent file:text-sm file:font-medium disabled:pointer-events-none disabled:cursor-not-allowed disabled:opacity-50 md:text-sm focus-visible:border-ring focus-visible:ring-ring/50 focus-visible:ring-[3px] aria-invalid:ring-destructive/20 dark:aria-invalid:ring-destructive/40 aria-invalid:border-destructive"
                data-slot="input"
                id="name"
                value="Pedro Duarte"
              />
            </div>
            <div
              class="space-y-1"
            >
              <label
                class="flex items-center gap-2 text-sm leading-none font-medium select-none group-data-[disabled=true]:pointer-events-none group-data-[disabled=true]:opacity-50 peer-disabled:cursor-not-allowed peer-disabled:opacity-50"
                data-slot="label"
                for="username"
              >
                Username
              </label>
              <input
                class="file:text-foreground placeholder:text-muted-foreground selection:bg-primary selection:text-primary-foreground dark:bg-input/30 border-input flex h-9 w-full min-w-0 rounded-md border bg-transparent px-3 py-1 text-base shadow-xs transition-[color,box-shadow] outline-none file:inline-flex file:h-7 file:border-0 file:bg-transparent file:text-sm file:font-medium disabled:pointer-events-none disabled:cursor-not-allowed disabled:opacity-50 md:text-sm focus-visible:border-ring focus-visible:ring-ring/50 focus-visible:ring-[3px] aria-invalid:ring-destructive/20 dark:aria-invalid:ring-destructive/40 aria-invalid:border-destructive"
                data-slot="input"
                id="username"
                value="@peduarte"
              />
            </div>
          </div>
          <div
            class="flex items-center px-6 [.border-t]:pt-6"
            data-slot="card-footer"
          >
            <button
              class="inline-flex items-center justify-center gap-2 whitespace-nowrap rounded-md text-sm font-medium ring-offset-background transition-colors focus-visible:outline-none focus-visible:ring-ring/50 focus-visible:ring-[3px] disabled:pointer-events-none disabled:opacity-50 [&_svg]:pointer-events-none [&_svg]:size-4 [&_svg]:shrink-0 aria-invalid:ring-destructive/20 dark:aria-invalid:ring-destructive/40 aria-invalid:border-destructive backdrop-blur-[var(--glass-blur)] saturate-[var(--glass-saturation)] bg-primary/[var(--glass-button)] text-primary-foreground hover:bg-primary/60 border border-primary/20 h-9 px-4 py-2 has-[>svg]:px-3"
              data-slot="button"
            >
              Save changes
            </button>
          </div>
        </div>
      </div>
      <div
        aria-labelledby="radix-:r0:-trigger-password"
        class="flex-1 outline-none"
        data-orientation="horizontal"
        data-slot="tabs-content"
        data-state="inactive"
        hidden=""
        id="radix-:r0:-content-password"
        role="tabpanel"
        tabindex="0"
      />
    </div>
  </div>,
  "debug": [Function],
  "findAllByAltText": [Function],
  "findAllByDisplayValue": [Function],
  "findAllByLabelText": [Function],
  "findAllByPlaceholderText": [Function],
  "findAllByRole": [Function],
  "findAllByTestId": [Function],
  "findAllByText": [Function],
  "findAllByTitle": [Function],
  "findByAltText": [Function],
  "findByDisplayValue": [Function],
  "findByLabelText": [Function],
  "findByPlaceholderText": [Function],
  "findByRole": [Function],
  "findByTestId": [Function],
  "findByText": [Function],
  "findByTitle": [Function],
  "getAllByAltText": [Function],
  "getAllByDisplayValue": [Function],
  "getAllByLabelText": [Function],
  "getAllByPlaceholderText": [Function],
  "getAllByRole": [Function],
  "getAllByTestId": [Function],
  "getAllByText": [Function],
  "getAllByTitle": [Function],
  "getByAltText": [Function],
  "getByDisplayValue": [Function],
  "getByLabelText": [Function],
  "getByPlaceholderText": [Function],
  "getByRole": [Function],
  "getByTestId": [Function],
  "getByText": [Function],
  "getByTitle": [Function],
  "queryAllByAltText": [Function],
  "queryAllByDisplayValue": [Function],
  "queryAllByLabelText": [Function],
  "queryAllByPlaceholderText": [Function],
  "queryAllByRole": [Function],
  "queryAllByTestId": [Function],
  "queryAllByText": [Function],
  "queryAllByTitle": [Function],
  "queryByAltText": [Function],
  "queryByDisplayValue": [Function],
  "queryByLabelText": [Function],
  "queryByPlaceholderText": [Function],
  "queryByRole": [Function],
  "queryByTestId": [Function],
  "queryByText": [Function],
  "queryByTitle": [Function],
  "rerender": [Function],
  "unmount": [Function],
}
`;
